Warmup dpm20
Warmup fixed3
Warmup lambda_only
Warmup adaptive_v1
Measured astronaut_42 dpm20
{"case": "astronaut_42", "mode": "dpm20", "seed": 42, "seconds": 59.01806639507413, "peak_allocated_mib": 3522.92626953125, "unet_calls": 20, "full_calls": 20, "reuse_calls": 0, "initial_latent_sha256": "4e5879488713b73bc92834e56fa59897b396ef5985ccfd6488348d9a7ae5dfbc", "nsfw_flag": false, "refresh_indices": [0, 1, 2, 3, 4, 5, 6, 7, 8, 9, 10, 11, 12, 13, 14, 15, 16, 17, 18, 19], "refresh_reasons": {"uncached": 20}}
Measured astronaut_42 fixed3
{"case": "astronaut_42", "mode": "fixed3", "seed": 42, "seconds": 26.405186012387276, "peak_allocated_mib": 3633.00439453125, "unet_calls": 20, "full_calls": 7, "reuse_calls": 13, "initial_latent_sha256": "4e5879488713b73bc92834e56fa59897b396ef5985ccfd6488348d9a7ae5dfbc", "nsfw_flag": false, "refresh_indices": [0, 3, 6, 9, 12, 15, 18], "refresh_reasons": {"fixed_interval": 7}}
Measured astronaut_42 lambda_only
{"case": "astronaut_42", "mode": "lambda_only", "seed": 42, "seconds": 29.145035166293383, "peak_allocated_mib": 3633.94189453125, "unet_calls": 20, "full_calls": 8, "reuse_calls": 12, "initial_latent_sha256": "4e5879488713b73bc92834e56fa59897b396ef5985ccfd6488348d9a7ae5dfbc", "nsfw_flag": false, "refresh_indices": [0, 1, 4, 7, 10, 13, 16, 19], "refresh_reasons": {"initial": 2, "max_age": 5, "final": 1}}
Measured astronaut_42 adaptive_v1
{"case": "astronaut_42", "mode": "adaptive_v1", "seed": 42, "seconds": 29.0927218683064, "peak_allocated_mib": 3633.94189453125, "unet_calls": 20, "full_calls": 8, "reuse_calls": 12, "initial_latent_sha256": "4e5879488713b73bc92834e56fa59897b396ef5985ccfd6488348d9a7ae5dfbc", "nsfw_flag": false, "refresh_indices": [0, 1, 4, 7, 10, 13, 16, 19], "refresh_reasons": {"initial": 2, "max_age": 5, "final": 1}}
Measured astronaut_43 fixed3
{"case": "astronaut_43", "mode": "fixed3", "seed": 43, "seconds": 26.445145048201084, "peak_allocated_mib": 3633.00439453125, "unet_calls": 20, "full_calls": 7, "reuse_calls": 13, "initial_latent_sha256": "508327f6df909d39e7d59187b9ee264cbc12377fefd41ddaa5a136e498b4e5a1", "nsfw_flag": false, "refresh_indices": [0, 3, 6, 9, 12, 15, 18], "refresh_reasons": {"fixed_interval": 7}}
Measured astronaut_43 lambda_only
{"case": "astronaut_43", "mode": "lambda_only", "seed": 43, "seconds": 29.872238360345364, "peak_allocated_mib": 3633.94189453125, "unet_calls": 20, "full_calls": 8, "reuse_calls": 12, "initial_latent_sha256": "508327f6df909d39e7d59187b9ee264cbc12377fefd41ddaa5a136e498b4e5a1", "nsfw_flag": false, "refresh_indices": [0, 1, 4, 7, 10, 13, 16, 19], "refresh_reasons": {"initial": 2, "max_age": 5, "final": 1}}
Measured astronaut_43 adaptive_v1
{"case": "astronaut_43", "mode": "adaptive_v1", "seed": 43, "seconds": 30.145833890885115, "peak_allocated_mib": 3633.94189453125, "unet_calls": 20, "full_calls": 8, "reuse_calls": 12, "initial_latent_sha256": "508327f6df909d39e7d59187b9ee264cbc12377fefd41ddaa5a136e498b4e5a1", "nsfw_flag": false, "refresh_indices": [0, 1, 4, 7, 10, 13, 16, 19], "refresh_reasons": {"initial": 2, "max_age": 5, "final": 1}}
Measured astronaut_43 dpm20
{"case": "astronaut_43", "mode": "dpm20", "seed": 43, "seconds": 61.26689301431179, "peak_allocated_mib": 3522.92626953125, "unet_calls": 20, "full_calls": 20, "reuse_calls": 0, "initial_latent_sha256": "508327f6df909d39e7d59187b9ee264cbc12377fefd41ddaa5a136e498b4e5a1", "nsfw_flag": false, "refresh_indices": [0, 1, 2, 3, 4, 5, 6, 7, 8, 9, 10, 11, 12, 13, 14, 15, 16, 17, 18, 19], "refresh_reasons": {"uncached": 20}}
Measured landscape_42 lambda_only
{"case": "landscape_42", "mode": "lambda_only", "seed": 42, "seconds": 28.746888738125563, "peak_allocated_mib": 3633.94189453125, "unet_calls": 20, "full_calls": 8, "reuse_calls": 12, "initial_latent_sha256": "4e5879488713b73bc92834e56fa59897b396ef5985ccfd6488348d9a7ae5dfbc", "nsfw_flag": false, "refresh_indices": [0, 1, 4, 7, 10, 13, 16, 19], "refresh_reasons": {"initial": 2, "max_age": 5, "final": 1}}
Measured landscape_42 adaptive_v1
{"case": "landscape_42", "mode": "adaptive_v1", "seed": 42, "seconds": 28.814784422516823, "peak_allocated_mib": 3633.94189453125, "unet_calls": 20, "full_calls": 8, "reuse_calls": 12, "initial_latent_sha256": "4e5879488713b73bc92834e56fa59897b396ef5985ccfd6488348d9a7ae5dfbc", "nsfw_flag": false, "refresh_indices": [0, 1, 4, 7, 10, 13, 16, 19], "refresh_reasons": {"initial": 2, "max_age": 5, "final": 1}}
Measured landscape_42 dpm20
{"case": "landscape_42", "mode": "dpm20", "seed": 42, "seconds": 58.68681311234832, "peak_allocated_mib": 3522.92626953125, "unet_calls": 20, "full_calls": 20, "reuse_calls": 0, "initial_latent_sha256": "4e5879488713b73bc92834e56fa59897b396ef5985ccfd6488348d9a7ae5dfbc", "nsfw_flag": false, "refresh_indices": [0, 1, 2, 3, 4, 5, 6, 7, 8, 9, 10, 11, 12, 13, 14, 15, 16, 17, 18, 19], "refresh_reasons": {"uncached": 20}}
Measured landscape_42 fixed3
{"case": "landscape_42", "mode": "fixed3", "seed": 42, "seconds": 26.101975616067648, "peak_allocated_mib": 3633.00439453125, "unet_calls": 20, "full_calls": 7, "reuse_calls": 13, "initial_latent_sha256": "4e5879488713b73bc92834e56fa59897b396ef5985ccfd6488348d9a7ae5dfbc", "nsfw_flag": false, "refresh_indices": [0, 3, 6, 9, 12, 15, 18], "refresh_reasons": {"fixed_interval": 7}}
{
  "dpm20": {
    "mean_seconds": 59.65725750724474,
    "mean_full_calls": 20,
    "mean_ssim": 1.0,
    "mean_psnr_db": null,
    "peak_allocated_mib": 3522.92626953125,
    "seconds_range": [
      58.68681311234832,
      61.26689301431179
    ],
    "speedup_vs_dpm20": 1.0
  },
  "fixed3": {
    "mean_seconds": 26.317435558885336,
    "mean_full_calls": 7,
    "mean_ssim": 0.348959947625796,
    "mean_psnr_db": 12.155187154620098,
    "peak_allocated_mib": 3633.00439453125,
    "seconds_range": [
      26.101975616067648,
      26.445145048201084
    ],
    "speedup_vs_dpm20": 2.2668339920035696
  },
  "lambda_only": {
    "mean_seconds": 29.254720754921436,
    "mean_full_calls": 8,
    "mean_ssim": 0.4116764763991038,
    "mean_psnr_db": 13.31863127536621,
    "peak_allocated_mib": 3633.94189453125,
    "seconds_range": [
      28.746888738125563,
      29.872238360345364
    ],
    "speedup_vs_dpm20": 2.0392352402546443
  },
  "adaptive_v1": {
    "mean_seconds": 29.35111339390278,
    "mean_full_calls": 8,
    "mean_ssim": 0.4116764763991038,
    "mean_psnr_db": 13.31863127536621,
    "peak_allocated_mib": 3633.94189453125,
    "seconds_range": [
      28.814784422516823,
      30.145833890885115
    ],
    "speedup_vs_dpm20": 2.0325381428166733
  }
}
