[1/20] portrait_101
Checking paired instrumentation against a pristine uncached pipeline
PASS: oracle output exactly equals pristine uncached output
Finished portrait_101: 65.29s, 3641 MiB
[2/20] portrait_202
Finished portrait_202: 65.09s, 3641 MiB
[3/20] people_101
Finished people_101: 64.74s, 3641 MiB
[4/20] people_202
Finished people_202: 64.02s, 3641 MiB
[5/20] animal_101
Finished animal_101: 67.31s, 3641 MiB
[6/20] animal_202
Finished animal_202: 64.07s, 3641 MiB
[7/20] interior_101
Finished interior_101: 63.99s, 3641 MiB
[8/20] interior_202
Finished interior_202: 64.43s, 3641 MiB
[9/20] architecture_101
Finished architecture_101: 64.98s, 3641 MiB
[10/20] architecture_202
Finished architecture_202: 65.45s, 3641 MiB
[11/20] nature_101
Finished nature_101: 66.30s, 3641 MiB
[12/20] nature_202
Finished nature_202: 64.02s, 3641 MiB
[13/20] objects_101
Finished objects_101: 66.47s, 3641 MiB
[14/20] objects_202
Finished objects_202: 65.08s, 3641 MiB
[15/20] text_101
Finished text_101: 64.85s, 3641 MiB
[16/20] text_202
Finished text_202: 65.86s, 3641 MiB
[17/20] texture_101
Finished texture_101: 67.13s, 3641 MiB
[18/20] texture_202
Finished texture_202: 70.07s, 3641 MiB
[19/20] glass_101
Finished glass_101: 69.29s, 3641 MiB
[20/20] glass_202
Finished glass_202: 69.11s, 3641 MiB
Complete
