[1/20] portrait_101
Checking paired instrumentation against a pristine uncached pipeline
PASS: oracle output exactly equals pristine uncached output
Finished portrait_101: 68.11s, 3643 MiB
[2/20] portrait_202
Finished portrait_202: 69.28s, 3643 MiB
[3/20] people_101
Finished people_101: 68.71s, 3643 MiB
[4/20] people_202
Finished people_202: 66.83s, 3643 MiB
[5/20] animal_101
Finished animal_101: 68.72s, 3643 MiB
[6/20] animal_202
Finished animal_202: 65.16s, 3643 MiB
[7/20] interior_101
Finished interior_101: 65.21s, 3643 MiB
[8/20] interior_202
Finished interior_202: 65.41s, 3643 MiB
[9/20] architecture_101
Finished architecture_101: 64.91s, 3643 MiB
[10/20] architecture_202
Finished architecture_202: 65.40s, 3643 MiB
[11/20] nature_101
Finished nature_101: 66.50s, 3643 MiB
[12/20] nature_202
Finished nature_202: 63.50s, 3643 MiB
[13/20] objects_101
Finished objects_101: 66.11s, 3643 MiB
[14/20] objects_202
Finished objects_202: 64.80s, 3643 MiB
[15/20] text_101
Finished text_101: 64.35s, 3643 MiB
[16/20] text_202
Finished text_202: 63.48s, 3643 MiB
[17/20] texture_101
Finished texture_101: 64.41s, 3643 MiB
[18/20] texture_202
Finished texture_202: 67.74s, 3643 MiB
[19/20] glass_101
Finished glass_101: 66.98s, 3643 MiB
[20/20] glass_202
Finished glass_202: 67.14s, 3643 MiB
Complete
