{"case": "portrait_00_seed1701", "seconds": 60.02893945100368, "peak_mib": 2651.19677734375, "reuse_mean_guided_error": 0.11674796820928653}
{"case": "portrait_01_seed1701", "seconds": 59.21485500900599, "peak_mib": 2651.60302734375, "reuse_mean_guided_error": 0.07033076292524736}
{"case": "portrait_02_seed1701", "seconds": 60.59272160800174, "peak_mib": 2651.60302734375, "reuse_mean_guided_error": 0.09754266853754719}
{"case": "portrait_03_seed1701", "seconds": 60.01717608599574, "peak_mib": 2651.60302734375, "reuse_mean_guided_error": 0.10247350080559652}
{"case": "portrait_04_seed1701", "seconds": 61.49592388200108, "peak_mib": 2651.60302734375, "reuse_mean_guided_error": 0.07451723733295997}
{"case": "portrait_05_seed1701", "seconds": 62.241656195008545, "peak_mib": 2651.60302734375, "reuse_mean_guided_error": 0.13449027792861065}
{"case": "portrait_06_seed1701", "seconds": 61.02564647499821, "peak_mib": 2651.60302734375, "reuse_mean_guided_error": 0.0852521387860179}
{"case": "portrait_07_seed1701", "seconds": 61.162086775002535, "peak_mib": 2651.60302734375, "reuse_mean_guided_error": 0.1147158012414972}
{"case": "portrait_08_seed1701", "seconds": 62.354212726000696, "peak_mib": 2651.60302734375, "reuse_mean_guided_error": 0.09127829937885205}
{"case": "portrait_09_seed1701", "seconds": 62.805931718001375, "peak_mib": 2651.60302734375, "reuse_mean_guided_error": 0.09353384810189407}
{"case": "people_00_seed1701", "seconds": 59.143304683006136, "peak_mib": 2651.60302734375, "reuse_mean_guided_error": 0.09887529816478491}
{"case": "people_01_seed1701", "seconds": 59.868145760992775, "peak_mib": 2651.60302734375, "reuse_mean_guided_error": 0.08452176085362832}
{"case": "people_02_seed1701", "seconds": 60.800903212992125, "peak_mib": 2651.60302734375, "reuse_mean_guided_error": 0.08596069846923153}
{"case": "people_03_seed1701", "seconds": 59.01578646899725, "peak_mib": 2651.60302734375, "reuse_mean_guided_error": 0.10650084773078561}
{"case": "people_04_seed1701", "seconds": 61.129790516992216, "peak_mib": 2651.60302734375, "reuse_mean_guided_error": 0.10465493410204847}
{"case": "people_05_seed1701", "seconds": 58.72586019600567, "peak_mib": 2651.60302734375, "reuse_mean_guided_error": 0.12712153497462472}
{"case": "people_06_seed1701", "seconds": 60.126828523003496, "peak_mib": 2651.60302734375, "reuse_mean_guided_error": 0.09941675094887614}
{"case": "people_07_seed1701", "seconds": 61.151652451997506, "peak_mib": 2651.60302734375, "reuse_mean_guided_error": 0.09422868583351374}
{"case": "people_08_seed1701", "seconds": 59.55818829400232, "peak_mib": 2651.60302734375, "reuse_mean_guided_error": 0.09506919553192954}
{"case": "people_09_seed1701", "seconds": 60.07078611799807, "peak_mib": 2651.60302734375, "reuse_mean_guided_error": 0.12901946149456003}
{"case": "animal_00_seed1701", "seconds": 61.060484720990644, "peak_mib": 2651.60302734375, "reuse_mean_guided_error": 0.15501766558736563}
{"case": "animal_01_seed1701", "seconds": 60.95411260399851, "peak_mib": 2651.60302734375, "reuse_mean_guided_error": 0.14339544468869767}
{"case": "animal_02_seed1701", "seconds": 63.54901858999801, "peak_mib": 2651.60302734375, "reuse_mean_guided_error": 0.1731019920359055}
{"case": "animal_03_seed1701", "seconds": 60.65351108000323, "peak_mib": 2651.60302734375, "reuse_mean_guided_error": 0.1007058887432019}
{"case": "animal_04_seed1701", "seconds": 59.98517894399993, "peak_mib": 2651.60302734375, "reuse_mean_guided_error": 0.1238720874922971}
{"case": "animal_05_seed1701", "seconds": 57.102245977002895, "peak_mib": 2651.60302734375, "reuse_mean_guided_error": 0.1063012386051317}
{"case": "animal_06_seed1701", "seconds": 58.032587865003734, "peak_mib": 2651.60302734375, "reuse_mean_guided_error": 0.13772201833004752}
{"case": "animal_07_seed1701", "seconds": 61.52669733900984, "peak_mib": 2651.60302734375, "reuse_mean_guided_error": 0.14122680015861988}
{"case": "animal_08_seed1701", "seconds": 57.46577736099425, "peak_mib": 2651.60302734375, "reuse_mean_guided_error": 0.08799200194577377}
{"case": "animal_09_seed1701", "seconds": 59.711175502001424, "peak_mib": 2651.60302734375, "reuse_mean_guided_error": 0.1296093507359425}
{"case": "architecture_00_seed1701", "seconds": 59.15317124799185, "peak_mib": 2651.60302734375, "reuse_mean_guided_error": 0.09565465121219556}
{"case": "architecture_01_seed1701", "seconds": 60.12435389899474, "peak_mib": 2651.60302734375, "reuse_mean_guided_error": 0.07147724802295367}
{"case": "architecture_02_seed1701", "seconds": 61.20608264999464, "peak_mib": 2651.60302734375, "reuse_mean_guided_error": 0.0782351577654481}
{"case": "architecture_03_seed1701", "seconds": 62.418347224011086, "peak_mib": 2651.60302734375, "reuse_mean_guided_error": 0.09877284926672776}
{"case": "architecture_04_seed1701", "seconds": 60.14513087600062, "peak_mib": 2651.60302734375, "reuse_mean_guided_error": 0.08217336423695087}
{"case": "architecture_05_seed1701", "seconds": 59.99820802699833, "peak_mib": 2651.60302734375, "reuse_mean_guided_error": 0.08245376652727525}
{"case": "architecture_06_seed1701", "seconds": 60.356031910007005, "peak_mib": 2651.60302734375, "reuse_mean_guided_error": 0.11651245256265004}
{"case": "architecture_07_seed1701", "seconds": 62.07499934799853, "peak_mib": 2651.60302734375, "reuse_mean_guided_error": 0.08749258704483509}
{"case": "architecture_08_seed1701", "seconds": 61.666140029003145, "peak_mib": 2651.60302734375, "reuse_mean_guided_error": 0.10740372817963362}
{"case": "architecture_09_seed1701", "seconds": 59.73565224700724, "peak_mib": 2651.60302734375, "reuse_mean_guided_error": 0.06638203328475356}
{"case": "interior_00_seed1701", "seconds": 60.88295954199566, "peak_mib": 2651.60302734375, "reuse_mean_guided_error": 0.07324438821524382}
{"case": "interior_01_seed1701", "seconds": 60.30813708200003, "peak_mib": 2651.60302734375, "reuse_mean_guided_error": 0.10649674447874229}
{"case": "interior_02_seed1701", "seconds": 58.81177384599869, "peak_mib": 2651.60302734375, "reuse_mean_guided_error": 0.095049776447316}
{"case": "interior_03_seed1701", "seconds": 60.00921361200744, "peak_mib": 2651.60302734375, "reuse_mean_guided_error": 0.07472098122040431}
{"case": "interior_04_seed1701", "seconds": 58.830791575004696, "peak_mib": 2651.60302734375, "reuse_mean_guided_error": 0.0706638890163352}
{"case": "interior_05_seed1701", "seconds": 61.00025872500555, "peak_mib": 2651.60302734375, "reuse_mean_guided_error": 0.05399771096805731}
{"case": "interior_06_seed1701", "seconds": 60.09360738800024, "peak_mib": 2651.60302734375, "reuse_mean_guided_error": 0.10058511250341932}
{"case": "interior_07_seed1701", "seconds": 58.486167761002434, "peak_mib": 2651.60302734375, "reuse_mean_guided_error": 0.08764921594411135}
{"case": "interior_08_seed1701", "seconds": 58.75513075599156, "peak_mib": 2651.60302734375, "reuse_mean_guided_error": 0.0631096997919182}
{"case": "interior_09_seed1701", "seconds": 58.30012167998939, "peak_mib": 2651.60302734375, "reuse_mean_guided_error": 0.09215822986637552}
{"case": "objects_00_seed1701", "seconds": 60.86968836499727, "peak_mib": 2651.60302734375, "reuse_mean_guided_error": 0.11925308670227726}
{"case": "objects_01_seed1701", "seconds": 61.27840100400499, "peak_mib": 2651.60302734375, "reuse_mean_guided_error": 0.07721217318127553}
{"case": "objects_02_seed1701", "seconds": 59.791864669008646, "peak_mib": 2651.60302734375, "reuse_mean_guided_error": 0.0882542139540116}
{"case": "objects_03_seed1701", "seconds": 58.42428655800177, "peak_mib": 2651.60302734375, "reuse_mean_guided_error": 0.11204917014886935}
{"case": "objects_04_seed1701", "seconds": 60.77863416499167, "peak_mib": 2651.60302734375, "reuse_mean_guided_error": 0.12145826236034434}
{"case": "objects_05_seed1701", "seconds": 59.051676881994354, "peak_mib": 2651.60302734375, "reuse_mean_guided_error": 0.14331928174942732}
{"case": "objects_06_seed1701", "seconds": 59.91283613699488, "peak_mib": 2651.60302734375, "reuse_mean_guided_error": 0.06391504003355901}
{"case": "objects_07_seed1701", "seconds": 59.687178662003134, "peak_mib": 2651.60302734375, "reuse_mean_guided_error": 0.09582661045715213}
{"case": "objects_08_seed1701", "seconds": 59.04217142499692, "peak_mib": 2651.60302734375, "reuse_mean_guided_error": 0.1169730902959903}
{"case": "objects_09_seed1701", "seconds": 60.27197578200139, "peak_mib": 2651.60302734375, "reuse_mean_guided_error": 0.1268854975545158}
{"case": "spatial_00_seed1701", "seconds": 61.26764095798717, "peak_mib": 2651.60302734375, "reuse_mean_guided_error": 0.05487484337451557}
{"case": "spatial_01_seed1701", "seconds": 57.13566251299926, "peak_mib": 2651.60302734375, "reuse_mean_guided_error": 0.10660440955931942}
{"case": "spatial_02_seed1701", "seconds": 57.270284886006266, "peak_mib": 2651.60302734375, "reuse_mean_guided_error": 0.07785308718060453}
{"case": "spatial_03_seed1701", "seconds": 60.727533739001956, "peak_mib": 2651.60302734375, "reuse_mean_guided_error": 0.05793896301959952}
{"case": "spatial_04_seed1701", "seconds": 60.64254962999257, "peak_mib": 2651.60302734375, "reuse_mean_guided_error": 0.08582500523577134}
{"case": "spatial_05_seed1701", "seconds": 58.99617400301213, "peak_mib": 2651.60302734375, "reuse_mean_guided_error": 0.05056674871593714}
{"case": "spatial_06_seed1701", "seconds": 59.45232702499197, "peak_mib": 2651.60302734375, "reuse_mean_guided_error": 0.14951878568778434}
{"case": "spatial_07_seed1701", "seconds": 58.69345859299938, "peak_mib": 2651.60302734375, "reuse_mean_guided_error": 0.09590794960968196}
{"case": "spatial_08_seed1701", "seconds": 62.292238863999955, "peak_mib": 2651.60302734375, "reuse_mean_guided_error": 0.06895279667029779}
{"case": "spatial_09_seed1701", "seconds": 58.36212427901046, "peak_mib": 2651.60302734375, "reuse_mean_guided_error": 0.052666352751354374}
{"case": "counting_00_seed1701", "seconds": 60.82004745800805, "peak_mib": 2651.60302734375, "reuse_mean_guided_error": 0.05848965607583523}
{"case": "counting_01_seed1701", "seconds": 59.947104034989025, "peak_mib": 2651.60302734375, "reuse_mean_guided_error": 0.056560980156064034}
{"case": "counting_02_seed1701", "seconds": 57.15833849699993, "peak_mib": 2651.60302734375, "reuse_mean_guided_error": 0.0861331041281422}
{"case": "counting_03_seed1701", "seconds": 58.69829130799917, "peak_mib": 2651.60302734375, "reuse_mean_guided_error": 0.09691659811263283}
{"case": "counting_04_seed1701", "seconds": 61.23991775501054, "peak_mib": 2651.60302734375, "reuse_mean_guided_error": 0.10834594971189897}
{"case": "counting_05_seed1701", "seconds": 61.26087940100115, "peak_mib": 2651.60302734375, "reuse_mean_guided_error": 0.06563148430238168}
{"case": "counting_06_seed1701", "seconds": 62.251456681013224, "peak_mib": 2651.60302734375, "reuse_mean_guided_error": 0.07443247207750876}
{"case": "counting_07_seed1701", "seconds": 55.66067632100021, "peak_mib": 2651.60302734375, "reuse_mean_guided_error": 0.09010424146739145}
{"case": "counting_08_seed1701", "seconds": 58.059668558998965, "peak_mib": 2651.60302734375, "reuse_mean_guided_error": 0.10542784336333473}
{"case": "counting_09_seed1701", "seconds": 59.64260646099865, "peak_mib": 2651.60302734375, "reuse_mean_guided_error": 0.10299264624093969}
{"case": "texture_00_seed1701", "seconds": 55.539102720009396, "peak_mib": 2651.60302734375, "reuse_mean_guided_error": 0.08247057007004817}
{"case": "texture_01_seed1701", "seconds": 56.509073191002244, "peak_mib": 2651.60302734375, "reuse_mean_guided_error": 0.0618226183578372}
{"case": "texture_02_seed1701", "seconds": 52.89332627199474, "peak_mib": 2651.60302734375, "reuse_mean_guided_error": 0.04207564153087636}
{"case": "texture_03_seed1701", "seconds": 52.84798017301364, "peak_mib": 2651.60302734375, "reuse_mean_guided_error": 0.04390586633235216}
{"case": "texture_04_seed1701", "seconds": 52.86526210799639, "peak_mib": 2651.60302734375, "reuse_mean_guided_error": 0.03908462900047501}
{"case": "texture_05_seed1701", "seconds": 56.20725850600866, "peak_mib": 2651.60302734375, "reuse_mean_guided_error": 0.08721538446843624}
{"case": "texture_06_seed1701", "seconds": 56.5047413380089, "peak_mib": 2651.60302734375, "reuse_mean_guided_error": 0.05636952149992188}
{"case": "texture_07_seed1701", "seconds": 55.210160373011604, "peak_mib": 2651.60302734375, "reuse_mean_guided_error": 0.04722470184788108}
{"case": "texture_08_seed1701", "seconds": 52.694469679001486, "peak_mib": 2651.60302734375, "reuse_mean_guided_error": 0.04287401268569132}
{"case": "texture_09_seed1701", "seconds": 53.038314169010846, "peak_mib": 2651.60302734375, "reuse_mean_guided_error": 0.039573613399018846}
{"case": "text_00_seed1701", "seconds": 60.239235165994614, "peak_mib": 2651.60302734375, "reuse_mean_guided_error": 0.12087428034283221}
{"case": "text_01_seed1701", "seconds": 61.927896858993336, "peak_mib": 2651.60302734375, "reuse_mean_guided_error": 0.11751900411521395}
{"case": "text_02_seed1701", "seconds": 64.28058702300768, "peak_mib": 2651.60302734375, "reuse_mean_guided_error": 0.0850235978141427}
{"case": "text_03_seed1701", "seconds": 60.47806980799942, "peak_mib": 2651.60302734375, "reuse_mean_guided_error": 0.09267315734177828}
{"case": "text_04_seed1701", "seconds": 59.469802589999745, "peak_mib": 2651.60302734375, "reuse_mean_guided_error": 0.0648480961099267}
{"case": "text_05_seed1701", "seconds": 61.03534483499243, "peak_mib": 2651.60302734375, "reuse_mean_guided_error": 0.10614281985908747}
{"case": "text_06_seed1701", "seconds": 61.232649619007134, "peak_mib": 2651.60302734375, "reuse_mean_guided_error": 0.10992592914650838}
{"case": "text_07_seed1701", "seconds": 63.197042040003, "peak_mib": 2651.60302734375, "reuse_mean_guided_error": 0.08131790068000555}
{"case": "text_08_seed1701", "seconds": 60.177627027005656, "peak_mib": 2651.60302734375, "reuse_mean_guided_error": 0.11230827573065956}
{"case": "text_09_seed1701", "seconds": 57.41532388298947, "peak_mib": 2651.60302734375, "reuse_mean_guided_error": 0.05708001647144556}
{"case": "landscape_00_seed1701", "seconds": 61.22893403899798, "peak_mib": 2651.60302734375, "reuse_mean_guided_error": 0.06943354321022828}
{"case": "landscape_01_seed1701", "seconds": 58.4632866979955, "peak_mib": 2651.60302734375, "reuse_mean_guided_error": 0.07495133858174086}
{"case": "landscape_02_seed1701", "seconds": 60.17913304899412, "peak_mib": 2651.60302734375, "reuse_mean_guided_error": 0.059865804854780436}
{"case": "landscape_03_seed1701", "seconds": 56.85434439100209, "peak_mib": 2651.60302734375, "reuse_mean_guided_error": 0.043275629092628755}
{"case": "landscape_04_seed1701", "seconds": 61.222272953993524, "peak_mib": 2651.60302734375, "reuse_mean_guided_error": 0.05213827624296149}
{"case": "landscape_05_seed1701", "seconds": 59.371123867007555, "peak_mib": 2651.60302734375, "reuse_mean_guided_error": 0.05469761757800976}
{"case": "landscape_06_seed1701", "seconds": 57.47004522199859, "peak_mib": 2651.60302734375, "reuse_mean_guided_error": 0.06687946539993088}
{"case": "landscape_07_seed1701", "seconds": 58.605487122011255, "peak_mib": 2651.60302734375, "reuse_mean_guided_error": 0.05624060162032644}
{"case": "landscape_08_seed1701", "seconds": 56.218524603013066, "peak_mib": 2651.60302734375, "reuse_mean_guided_error": 0.042444292921572924}
{"case": "landscape_09_seed1701", "seconds": 58.92780381299963, "peak_mib": 2651.60302734375, "reuse_mean_guided_error": 0.05598111388583978}
{"case": "art_00_seed1701", "seconds": 57.24901722600043, "peak_mib": 2651.60302734375, "reuse_mean_guided_error": 0.0753969089128077}
{"case": "art_01_seed1701", "seconds": 61.791514676995575, "peak_mib": 2651.60302734375, "reuse_mean_guided_error": 0.08624478398511808}
{"case": "art_02_seed1701", "seconds": 59.385574234009255, "peak_mib": 2651.60302734375, "reuse_mean_guided_error": 0.11578910828878482}
{"case": "art_03_seed1701", "seconds": 59.28304908100108, "peak_mib": 2651.60302734375, "reuse_mean_guided_error": 0.08887048345059156}
{"case": "art_04_seed1701", "seconds": 57.649725982002565, "peak_mib": 2651.60302734375, "reuse_mean_guided_error": 0.09117273893207312}
{"case": "art_05_seed1701", "seconds": 57.550547659993754, "peak_mib": 2651.60302734375, "reuse_mean_guided_error": 0.07891920628026128}
{"case": "art_06_seed1701", "seconds": 59.55247414999758, "peak_mib": 2651.60302734375, "reuse_mean_guided_error": 0.07884872580567996}
{"case": "art_07_seed1701", "seconds": 59.74472189000517, "peak_mib": 2651.60302734375, "reuse_mean_guided_error": 0.09544066541517775}
{"case": "art_08_seed1701", "seconds": 59.35953062900808, "peak_mib": 2651.60302734375, "reuse_mean_guided_error": 0.07540258470301826}
{"case": "art_09_seed1701", "seconds": 56.43286640199949, "peak_mib": 2651.60302734375, "reuse_mean_guided_error": 0.06908586714416742}
