[1/20] portrait_101
Checking paired instrumentation against a pristine uncached pipeline
PASS: oracle output exactly equals pristine uncached output
Finished portrait_101: 61.59s, 3634 MiB
[2/20] portrait_202
Finished portrait_202: 61.94s, 3634 MiB
[3/20] people_101
Finished people_101: 62.02s, 3634 MiB
[4/20] people_202
Finished people_202: 62.63s, 3634 MiB
[5/20] animal_101
Finished animal_101: 67.46s, 3634 MiB
[6/20] animal_202
Finished animal_202: 64.66s, 3634 MiB
[7/20] interior_101
Finished interior_101: 64.34s, 3634 MiB
[8/20] interior_202
Finished interior_202: 64.46s, 3634 MiB
[9/20] architecture_101
Finished architecture_101: 64.94s, 3634 MiB
[10/20] architecture_202
Finished architecture_202: 65.33s, 3634 MiB
[11/20] nature_101
Finished nature_101: 65.27s, 3634 MiB
[12/20] nature_202
Finished nature_202: 61.76s, 3634 MiB
[13/20] objects_101
Finished objects_101: 64.15s, 3634 MiB
[14/20] objects_202
Finished objects_202: 63.00s, 3634 MiB
[15/20] text_101
Finished text_101: 62.84s, 3634 MiB
[16/20] text_202
Finished text_202: 62.36s, 3634 MiB
[17/20] texture_101
Finished texture_101: 63.19s, 3634 MiB
[18/20] texture_202
Finished texture_202: 66.23s, 3634 MiB
[19/20] glass_101
Finished glass_101: 65.05s, 3634 MiB
[20/20] glass_202
Finished glass_202: 64.86s, 3634 MiB
Complete
